<?xml version="1.0" encoding="UTF-8"?>
<testsuites name="jest tests" tests="2" failures="0" time="4.051">
  <testsuite name="Query.chat" errors="0" failures="0" skipped="0" timestamp="2020-01-02T07:51:20" time="3.106" tests="1">
    <testcase classname="Query.chat should fetch specified chat" name="Query.chat should fetch specified chat" time="0.031">
    </testcase>
  </testsuite>
  <testsuite name="Query.chats" errors="0" failures="0" skipped="0" timestamp="2020-01-02T07:51:20" time="3.147" tests="1">
    <testcase classname="Query.chats should fetch all chats" name="Query.chats should fetch all chats" time="0.041">
    </testcase>
  </testsuite>
</testsuites>